
> kiil-ecommerce@0.1.0 build
> next build

   ▲ Next.js 15.3.3
   - Environments: .env.local

   Creating an optimized production build ...
 ✓ Compiled successfully in 78s
   Skipping linting
   Checking validity of types ...
Failed to compile.

./app/sibast/[productId]/SibastProductClient.tsx:36:27
Type error: Cannot find name 'useLanguage'. Did you mean 'language'?

[0m [90m 34 |[39m[0m
[0m [90m 35 |[39m [36mexport[39m [36mdefault[39m [36mfunction[39m [33mSibastProductClient[39m({ product[33m,[39m products }[33m:[39m [33mSibastProductClientProps[39m) {[0m
[0m[31m[1m>[22m[39m[90m 36 |[39m   [36mconst[39m { t[33m,[39m language } [33m=[39m useLanguage()[33m;[39m[0m
[0m [90m    |[39m                           [31m[1m^[22m[39m[0m
[0m [90m 37 |[39m[0m
[0m [90m 38 |[39m   [36mconst[39m [selectedVariantIndex[33m,[39m setSelectedVariantIndex] [33m=[39m useState([35m0[39m)[33m;[39m[0m
[0m [90m 39 |[39m[0m
Next.js build worker exited with code: 1 and signal: null
